{"timestamp":"2026-09-16T20:28:49.767449Z","level":"info","event":"::group::Pre Execute","logger":"task","filename":"task_runner.py","lineno":2412}
{"timestamp":"2026-09-16T20:28:49.778350Z","level":"info","event":"DAG bundles loaded: dags-folder, example_dags, apache-airflow-providers-common-sql-example-dags, apache-airflow-providers-standard-example-dags","ti_id":"01a0abe8-635d-7d2c-9988-68236fe61b00","run_id":"manual__2026-09-16T20:28:48.852613+00:00","dag_id":"day09_pipeline","map_index":-1,"try_number":1,"task_id":"extract","logger":"airflow.dag_processing.bundles.manager.DagBundlesManager","filename":"manager.py","lineno":304}
{"timestamp":"2026-09-16T20:28:49.778732Z","level":"info","event":"Filling up the DagBag from /opt/airflow/dags/day09_pipeline.py","ti_id":"01a0abe8-635d-7d2c-9988-68236fe61b00","run_id":"manual__2026-09-16T20:28:48.852613+00:00","dag_id":"day09_pipeline","map_index":-1,"try_number":1,"task_id":"extract","logger":"airflow.dag_processing.dagbag.BundleDagBag","filename":"dagbag.py","lineno":460}
{"timestamp":"2026-09-16T20:28:49.832564Z","level":"info","event":"Worker startup parse complete","bundle_name":"dags-folder","bundle_version":null,"dag_file":"day09_pipeline.py","dag_id":"day09_pipeline","bundle_prepare_ms":0,"dag_file_parse_ms":53,"ti_id":"01a0abe8-635d-7d2c-9988-68236fe61b00","run_id":"manual__2026-09-16T20:28:48.852613+00:00","map_index":-1,"try_number":1,"task_id":"extract","logger":"task","filename":"task_runner.py","lineno":1073}
{"timestamp":"2026-09-16T20:28:49.844197Z","level":"info","event":"Task instance is in running state","logger":"task.stdout"}
{"timestamp":"2026-09-16T20:28:49.844293Z","level":"info","event":" Previous state of the Task instance: TaskInstanceState.QUEUED","logger":"task.stdout"}
{"timestamp":"2026-09-16T20:28:49.844341Z","level":"info","event":"Current task name:extract","logger":"task.stdout"}
{"timestamp":"2026-09-16T20:28:49.844366Z","level":"info","event":"Dag name:day09_pipeline","logger":"task.stdout"}
{"timestamp":"2026-09-16T20:28:49.844405Z","level":"info","event":"::endgroup::","ti_id":"01a0abe8-635d-7d2c-9988-68236fe61b00","run_id":"manual__2026-09-16T20:28:48.852613+00:00","dag_id":"day09_pipeline","map_index":-1,"try_number":1,"task_id":"extract","logger":"task","filename":"task_runner.py","lineno":2232}
{"timestamp":"2026-09-16T20:28:49.845450Z","level":"info","event":"order_id,customer,country,amount","logger":"task.stdout"}
{"timestamp":"2026-09-16T20:28:49.845478Z","level":"info","event":"101,Ali,DE,120","logger":"task.stdout"}
{"timestamp":"2026-09-16T20:28:49.845507Z","level":"info","event":"102,Anna,DE,80","logger":"task.stdout"}
{"timestamp":"2026-09-16T20:28:49.845527Z","level":"info","event":"103,John,US,200","logger":"task.stdout"}
{"timestamp":"2026-09-16T20:28:49.845553Z","level":"info","event":"104,Ali,DE,50","logger":"task.stdout"}
{"timestamp":"2026-09-16T20:28:49.845573Z","level":"info","event":"105,Maria,DE,","logger":"task.stdout"}
{"timestamp":"2026-09-16T20:28:49.845592Z","level":"info","event":"106,John,US,100","logger":"task.stdout"}
{"timestamp":"2026-09-16T20:28:49.845612Z","level":"info","event":"107,Ali,DE,120","logger":"task.stdout"}
{"timestamp":"2026-09-16T20:28:49.845632Z","level":"info","event":"108,,DE,90","logger":"task.stdout"}
{"timestamp":"2026-09-16T20:28:49.845440Z","level":"info","event":"Done. Returned value was: None","ti_id":"01a0abe8-635d-7d2c-9988-68236fe61b00","run_id":"manual__2026-09-16T20:28:48.852613+00:00","dag_id":"day09_pipeline","map_index":-1,"try_number":1,"task_id":"extract","logger":"airflow.task.operators.airflow.providers.standard.operators.python.PythonOperator","filename":"python.py","lineno":233}
{"timestamp":"2026-09-16T20:28:49.845508Z","level":"info","event":"::group::Post Execute","ti_id":"01a0abe8-635d-7d2c-9988-68236fe61b00","run_id":"manual__2026-09-16T20:28:48.852613+00:00","dag_id":"day09_pipeline","map_index":-1,"try_number":1,"task_id":"extract","logger":"task","filename":"task_runner.py","lineno":1580}
{"timestamp":"2026-09-16T20:28:49.853251Z","level":"info","event":"Task instance in success state","logger":"task.stdout"}
{"timestamp":"2026-09-16T20:28:49.853333Z","level":"info","event":" Previous state of the Task instance: TaskInstanceState.RUNNING","logger":"task.stdout"}
{"timestamp":"2026-09-16T20:28:49.853399Z","level":"info","event":"Task operator:<Task(PythonOperator): extract>","logger":"task.stdout"}
{"timestamp":"2026-09-16T20:28:49.853412Z","level":"info","event":"::endgroup::","ti_id":"01a0abe8-635d-7d2c-9988-68236fe61b00","run_id":"manual__2026-09-16T20:28:48.852613+00:00","dag_id":"day09_pipeline","map_index":-1,"try_number":1,"task_id":"extract","logger":"task","filename":"task_runner.py","lineno":2379}
