{"timestamp":"2026-09-16T19:26:07.532374Z","level":"info","event":"::group::Pre Execute","logger":"task","filename":"task_runner.py","lineno":2412}
{"timestamp":"2026-09-16T19:26:07.558293Z","level":"info","event":"DAG bundles loaded: dags-folder, example_dags, apache-airflow-providers-common-sql-example-dags, apache-airflow-providers-standard-example-dags","try_number":1,"run_id":"manual__2026-09-16T19:26:07.365672+00:00","map_index":-1,"ti_id":"01a0abae-fe0f-78cd-bfa4-0f7f9ca3acf2","dag_id":"day09_pipeline","task_id":"extract","logger":"airflow.dag_processing.bundles.manager.DagBundlesManager","filename":"manager.py","lineno":304}
{"timestamp":"2026-09-16T19:26:07.558723Z","level":"info","event":"Filling up the DagBag from /opt/airflow/dags/day09_pipeline.py","try_number":1,"run_id":"manual__2026-09-16T19:26:07.365672+00:00","map_index":-1,"ti_id":"01a0abae-fe0f-78cd-bfa4-0f7f9ca3acf2","dag_id":"day09_pipeline","task_id":"extract","logger":"airflow.dag_processing.dagbag.BundleDagBag","filename":"dagbag.py","lineno":460}
{"timestamp":"2026-09-16T19:26:07.563902Z","level":"info","event":"Worker startup parse complete","bundle_name":"dags-folder","bundle_version":null,"dag_file":"day09_pipeline.py","dag_id":"day09_pipeline","bundle_prepare_ms":1,"dag_file_parse_ms":5,"try_number":1,"run_id":"manual__2026-09-16T19:26:07.365672+00:00","map_index":-1,"ti_id":"01a0abae-fe0f-78cd-bfa4-0f7f9ca3acf2","task_id":"extract","logger":"task","filename":"task_runner.py","lineno":1073}
{"timestamp":"2026-09-16T19:26:07.592374Z","level":"info","event":"Task instance is in running state","logger":"task.stdout"}
{"timestamp":"2026-09-16T19:26:07.592453Z","level":"info","event":" Previous state of the Task instance: TaskInstanceState.QUEUED","logger":"task.stdout"}
{"timestamp":"2026-09-16T19:26:07.592565Z","level":"info","event":"Current task name:extract","logger":"task.stdout"}
{"timestamp":"2026-09-16T19:26:07.592594Z","level":"info","event":"Dag name:day09_pipeline","logger":"task.stdout"}
{"timestamp":"2026-09-16T19:26:07.592659Z","level":"info","event":"::endgroup::","try_number":1,"run_id":"manual__2026-09-16T19:26:07.365672+00:00","map_index":-1,"ti_id":"01a0abae-fe0f-78cd-bfa4-0f7f9ca3acf2","dag_id":"day09_pipeline","task_id":"extract","logger":"task","filename":"task_runner.py","lineno":2232}
{"timestamp":"2026-09-16T19:26:07.593874Z","level":"info","event":"order_id,customer,country,amount","logger":"task.stdout"}
{"timestamp":"2026-09-16T19:26:07.593932Z","level":"info","event":"101,Ali,DE,120","logger":"task.stdout"}
{"timestamp":"2026-09-16T19:26:07.593957Z","level":"info","event":"102,Anna,DE,80","logger":"task.stdout"}
{"timestamp":"2026-09-16T19:26:07.593978Z","level":"info","event":"103,John,US,200","logger":"task.stdout"}
{"timestamp":"2026-09-16T19:26:07.594001Z","level":"info","event":"104,Ali,DE,50","logger":"task.stdout"}
{"timestamp":"2026-09-16T19:26:07.594022Z","level":"info","event":"105,Maria,DE,","logger":"task.stdout"}
{"timestamp":"2026-09-16T19:26:07.594042Z","level":"info","event":"106,John,US,100","logger":"task.stdout"}
{"timestamp":"2026-09-16T19:26:07.594061Z","level":"info","event":"107,Ali,DE,120","logger":"task.stdout"}
{"timestamp":"2026-09-16T19:26:07.594080Z","level":"info","event":"108,,DE,90","logger":"task.stdout"}
{"timestamp":"2026-09-16T19:26:07.593891Z","level":"info","event":"Done. Returned value was: None","try_number":1,"run_id":"manual__2026-09-16T19:26:07.365672+00:00","map_index":-1,"ti_id":"01a0abae-fe0f-78cd-bfa4-0f7f9ca3acf2","dag_id":"day09_pipeline","task_id":"extract","logger":"airflow.task.operators.airflow.providers.standard.operators.python.PythonOperator","filename":"python.py","lineno":233}
{"timestamp":"2026-09-16T19:26:07.593963Z","level":"info","event":"::group::Post Execute","try_number":1,"run_id":"manual__2026-09-16T19:26:07.365672+00:00","map_index":-1,"ti_id":"01a0abae-fe0f-78cd-bfa4-0f7f9ca3acf2","dag_id":"day09_pipeline","task_id":"extract","logger":"task","filename":"task_runner.py","lineno":1580}
{"timestamp":"2026-09-16T19:26:07.605459Z","level":"info","event":"Task instance in success state","logger":"task.stdout"}
{"timestamp":"2026-09-16T19:26:07.605546Z","level":"info","event":" Previous state of the Task instance: TaskInstanceState.RUNNING","logger":"task.stdout"}
{"timestamp":"2026-09-16T19:26:07.605632Z","level":"info","event":"Task operator:<Task(PythonOperator): extract>","logger":"task.stdout"}
{"timestamp":"2026-09-16T19:26:07.605646Z","level":"info","event":"::endgroup::","try_number":1,"run_id":"manual__2026-09-16T19:26:07.365672+00:00","map_index":-1,"ti_id":"01a0abae-fe0f-78cd-bfa4-0f7f9ca3acf2","dag_id":"day09_pipeline","task_id":"extract","logger":"task","filename":"task_runner.py","lineno":2379}
