{"timestamp":"2026-09-16T20:28:51.896856Z","level":"info","event":"::group::Pre Execute","logger":"task","filename":"task_runner.py","lineno":2412}
{"timestamp":"2026-09-16T20:28:51.904330Z","level":"info","event":"DAG bundles loaded: dags-folder, example_dags, apache-airflow-providers-common-sql-example-dags, apache-airflow-providers-standard-example-dags","run_id":"manual__2026-09-16T20:28:48.852613+00:00","map_index":-1,"task_id":"load","dag_id":"day09_pipeline","try_number":1,"ti_id":"01a0abe8-635f-7ae8-8921-192afc942dbd","logger":"airflow.dag_processing.bundles.manager.DagBundlesManager","filename":"manager.py","lineno":304}
{"timestamp":"2026-09-16T20:28:51.904734Z","level":"info","event":"Filling up the DagBag from /opt/airflow/dags/day09_pipeline.py","run_id":"manual__2026-09-16T20:28:48.852613+00:00","map_index":-1,"task_id":"load","dag_id":"day09_pipeline","try_number":1,"ti_id":"01a0abe8-635f-7ae8-8921-192afc942dbd","logger":"airflow.dag_processing.dagbag.BundleDagBag","filename":"dagbag.py","lineno":460}
{"timestamp":"2026-09-16T20:28:51.960526Z","level":"info","event":"Worker startup parse complete","bundle_name":"dags-folder","bundle_version":null,"dag_file":"day09_pipeline.py","dag_id":"day09_pipeline","bundle_prepare_ms":0,"dag_file_parse_ms":55,"run_id":"manual__2026-09-16T20:28:48.852613+00:00","map_index":-1,"task_id":"load","try_number":1,"ti_id":"01a0abe8-635f-7ae8-8921-192afc942dbd","logger":"task","filename":"task_runner.py","lineno":1073}
{"timestamp":"2026-09-16T20:28:51.971238Z","level":"info","event":"Task instance is in running state","logger":"task.stdout"}
{"timestamp":"2026-09-16T20:28:51.971345Z","level":"info","event":" Previous state of the Task instance: TaskInstanceState.QUEUED","logger":"task.stdout"}
{"timestamp":"2026-09-16T20:28:51.971408Z","level":"info","event":"Current task name:load","logger":"task.stdout"}
{"timestamp":"2026-09-16T20:28:51.971452Z","level":"info","event":"Dag name:day09_pipeline","logger":"task.stdout"}
{"timestamp":"2026-09-16T20:28:51.971484Z","level":"info","event":"::endgroup::","run_id":"manual__2026-09-16T20:28:48.852613+00:00","map_index":-1,"task_id":"load","dag_id":"day09_pipeline","try_number":1,"ti_id":"01a0abe8-635f-7ae8-8921-192afc942dbd","logger":"task","filename":"task_runner.py","lineno":2232}
{"timestamp":"2026-09-16T20:28:51.986557Z","level":"info","event":"Running statement: \n    CREATE TABLE IF NOT EXISTS orders_clean (\n        order_id INT PRIMARY KEY,\n        customer VARCHAR(50) NOT NULL,\n        country VARCHAR(2) NOT NULL,\n        amount NUMERIC(10,2) NOT NULL\n    );\n    , parameters: None","run_id":"manual__2026-09-16T20:28:48.852613+00:00","map_index":-1,"task_id":"load","dag_id":"day09_pipeline","try_number":1,"ti_id":"01a0abe8-635f-7ae8-8921-192afc942dbd","logger":"airflow.task.hooks.airflow.providers.postgres.hooks.postgres.PostgresHook","filename":"sql.py","lineno":896}
{"timestamp":"2026-09-16T20:28:52.886433Z","level":"info","event":"Running statement: TRUNCATE TABLE orders_clean, parameters: None","run_id":"manual__2026-09-16T20:28:48.852613+00:00","map_index":-1,"task_id":"load","dag_id":"day09_pipeline","try_number":1,"ti_id":"01a0abe8-635f-7ae8-8921-192afc942dbd","logger":"airflow.task.hooks.airflow.providers.postgres.hooks.postgres.PostgresHook","filename":"sql.py","lineno":896}
{"timestamp":"2026-09-16T20:28:52.894411Z","level":"info","event":"Loaded 6 rows into orders_clean so far","run_id":"manual__2026-09-16T20:28:48.852613+00:00","map_index":-1,"task_id":"load","dag_id":"day09_pipeline","try_number":1,"ti_id":"01a0abe8-635f-7ae8-8921-192afc942dbd","logger":"airflow.task.hooks.airflow.providers.postgres.hooks.postgres.PostgresHook","filename":"sql.py","lineno":1037}
{"timestamp":"2026-09-16T20:28:52.894544Z","level":"info","event":"Done loading. Loaded a total of 6 rows into orders_clean","run_id":"manual__2026-09-16T20:28:48.852613+00:00","map_index":-1,"task_id":"load","dag_id":"day09_pipeline","try_number":1,"ti_id":"01a0abe8-635f-7ae8-8921-192afc942dbd","logger":"airflow.task.hooks.airflow.providers.postgres.hooks.postgres.PostgresHook","filename":"sql.py","lineno":1061}
{"timestamp":"2026-09-16T20:28:52.894633Z","level":"info","event":"Done. Returned value was: None","run_id":"manual__2026-09-16T20:28:48.852613+00:00","map_index":-1,"task_id":"load","dag_id":"day09_pipeline","try_number":1,"ti_id":"01a0abe8-635f-7ae8-8921-192afc942dbd","logger":"airflow.task.operators.airflow.providers.standard.operators.python.PythonOperator","filename":"python.py","lineno":233}
{"timestamp":"2026-09-16T20:28:52.894865Z","level":"info","event":"Loaded 6 rows into orders_clean","logger":"task.stdout"}
{"timestamp":"2026-09-16T20:28:52.894683Z","level":"info","event":"::group::Post Execute","run_id":"manual__2026-09-16T20:28:48.852613+00:00","map_index":-1,"task_id":"load","dag_id":"day09_pipeline","try_number":1,"ti_id":"01a0abe8-635f-7ae8-8921-192afc942dbd","logger":"task","filename":"task_runner.py","lineno":1580}
{"timestamp":"2026-09-16T20:28:52.903740Z","level":"info","event":"Task instance in success state","logger":"task.stdout"}
{"timestamp":"2026-09-16T20:28:52.903814Z","level":"info","event":" Previous state of the Task instance: TaskInstanceState.RUNNING","logger":"task.stdout"}
{"timestamp":"2026-09-16T20:28:52.903916Z","level":"info","event":"Task operator:<Task(PythonOperator): load>","logger":"task.stdout"}
{"timestamp":"2026-09-16T20:28:52.903929Z","level":"info","event":"::endgroup::","run_id":"manual__2026-09-16T20:28:48.852613+00:00","map_index":-1,"task_id":"load","dag_id":"day09_pipeline","try_number":1,"ti_id":"01a0abe8-635f-7ae8-8921-192afc942dbd","logger":"task","filename":"task_runner.py","lineno":2379}
