{"timestamp":"2026-09-16T20:23:21.362325Z","level":"info","event":"::group::Pre Execute","logger":"task","filename":"task_runner.py","lineno":2412}
{"timestamp":"2026-09-16T20:23:23.605599Z","level":"info","event":"DAG bundles loaded: dags-folder, example_dags, apache-airflow-providers-common-sql-example-dags, apache-airflow-providers-standard-example-dags","dag_id":"day09_pipeline","map_index":-1,"task_id":"extract","ti_id":"01a0abe3-6219-73cd-9507-72c67cb7b7e2","try_number":1,"run_id":"manual__2026-09-16T20:23:20.842629+00:00","logger":"airflow.dag_processing.bundles.manager.DagBundlesManager","filename":"manager.py","lineno":304}
{"timestamp":"2026-09-16T20:23:23.606040Z","level":"info","event":"Filling up the DagBag from /opt/airflow/dags/day09_pipeline.py","dag_id":"day09_pipeline","map_index":-1,"task_id":"extract","ti_id":"01a0abe3-6219-73cd-9507-72c67cb7b7e2","try_number":1,"run_id":"manual__2026-09-16T20:23:20.842629+00:00","logger":"airflow.dag_processing.dagbag.BundleDagBag","filename":"dagbag.py","lineno":460}
{"timestamp":"2026-09-16T20:23:23.787100Z","level":"info","event":"Worker startup parse complete","bundle_name":"dags-folder","bundle_version":null,"dag_file":"day09_pipeline.py","dag_id":"day09_pipeline","bundle_prepare_ms":1,"dag_file_parse_ms":181,"map_index":-1,"task_id":"extract","ti_id":"01a0abe3-6219-73cd-9507-72c67cb7b7e2","try_number":1,"run_id":"manual__2026-09-16T20:23:20.842629+00:00","logger":"task","filename":"task_runner.py","lineno":1073}
{"timestamp":"2026-09-16T20:23:23.803580Z","level":"info","event":"Task instance is in running state","logger":"task.stdout"}
{"timestamp":"2026-09-16T20:23:23.803656Z","level":"info","event":" Previous state of the Task instance: TaskInstanceState.QUEUED","logger":"task.stdout"}
{"timestamp":"2026-09-16T20:23:23.803720Z","level":"info","event":"Current task name:extract","logger":"task.stdout"}
{"timestamp":"2026-09-16T20:23:23.803747Z","level":"info","event":"Dag name:day09_pipeline","logger":"task.stdout"}
{"timestamp":"2026-09-16T20:23:23.803804Z","level":"info","event":"::endgroup::","dag_id":"day09_pipeline","map_index":-1,"task_id":"extract","ti_id":"01a0abe3-6219-73cd-9507-72c67cb7b7e2","try_number":1,"run_id":"manual__2026-09-16T20:23:20.842629+00:00","logger":"task","filename":"task_runner.py","lineno":2232}
{"timestamp":"2026-09-16T20:23:23.805118Z","level":"info","event":"order_id,customer,country,amount","logger":"task.stdout"}
{"timestamp":"2026-09-16T20:23:23.805150Z","level":"info","event":"101,Ali,DE,120","logger":"task.stdout"}
{"timestamp":"2026-09-16T20:23:23.805173Z","level":"info","event":"102,Anna,DE,80","logger":"task.stdout"}
{"timestamp":"2026-09-16T20:23:23.805195Z","level":"info","event":"103,John,US,200","logger":"task.stdout"}
{"timestamp":"2026-09-16T20:23:23.805215Z","level":"info","event":"104,Ali,DE,50","logger":"task.stdout"}
{"timestamp":"2026-09-16T20:23:23.805235Z","level":"info","event":"105,Maria,DE,","logger":"task.stdout"}
{"timestamp":"2026-09-16T20:23:23.805255Z","level":"info","event":"106,John,US,100","logger":"task.stdout"}
{"timestamp":"2026-09-16T20:23:23.805274Z","level":"info","event":"107,Ali,DE,120","logger":"task.stdout"}
{"timestamp":"2026-09-16T20:23:23.805293Z","level":"info","event":"108,,DE,90","logger":"task.stdout"}
{"timestamp":"2026-09-16T20:23:23.805111Z","level":"info","event":"Done. Returned value was: None","dag_id":"day09_pipeline","map_index":-1,"task_id":"extract","ti_id":"01a0abe3-6219-73cd-9507-72c67cb7b7e2","try_number":1,"run_id":"manual__2026-09-16T20:23:20.842629+00:00","logger":"airflow.task.operators.airflow.providers.standard.operators.python.PythonOperator","filename":"python.py","lineno":233}
{"timestamp":"2026-09-16T20:23:23.805184Z","level":"info","event":"::group::Post Execute","dag_id":"day09_pipeline","map_index":-1,"task_id":"extract","ti_id":"01a0abe3-6219-73cd-9507-72c67cb7b7e2","try_number":1,"run_id":"manual__2026-09-16T20:23:20.842629+00:00","logger":"task","filename":"task_runner.py","lineno":1580}
{"timestamp":"2026-09-16T20:23:23.817414Z","level":"info","event":"Task instance in success state","logger":"task.stdout"}
{"timestamp":"2026-09-16T20:23:23.817492Z","level":"info","event":" Previous state of the Task instance: TaskInstanceState.RUNNING","logger":"task.stdout"}
{"timestamp":"2026-09-16T20:23:23.817575Z","level":"info","event":"Task operator:<Task(PythonOperator): extract>","logger":"task.stdout"}
{"timestamp":"2026-09-16T20:23:23.817590Z","level":"info","event":"::endgroup::","dag_id":"day09_pipeline","map_index":-1,"task_id":"extract","ti_id":"01a0abe3-6219-73cd-9507-72c67cb7b7e2","try_number":1,"run_id":"manual__2026-09-16T20:23:20.842629+00:00","logger":"task","filename":"task_runner.py","lineno":2379}
