{"timestamp":"2026-09-16T20:25:15.338819Z","level":"info","event":"::group::Pre Execute","logger":"task","filename":"task_runner.py","lineno":2412}
{"timestamp":"2026-09-16T20:25:15.347338Z","level":"info","event":"DAG bundles loaded: dags-folder, example_dags, apache-airflow-providers-common-sql-example-dags, apache-airflow-providers-standard-example-dags","map_index":-1,"run_id":"manual__2026-09-16T20:25:14.779674+00:00","dag_id":"day09_pipeline","task_id":"extract","try_number":1,"ti_id":"01a0abe5-1f24-7abf-a557-147692de10d5","logger":"airflow.dag_processing.bundles.manager.DagBundlesManager","filename":"manager.py","lineno":304}
{"timestamp":"2026-09-16T20:25:15.347760Z","level":"info","event":"Filling up the DagBag from /opt/airflow/dags/day09_pipeline.py","map_index":-1,"run_id":"manual__2026-09-16T20:25:14.779674+00:00","dag_id":"day09_pipeline","task_id":"extract","try_number":1,"ti_id":"01a0abe5-1f24-7abf-a557-147692de10d5","logger":"airflow.dag_processing.dagbag.BundleDagBag","filename":"dagbag.py","lineno":460}
{"timestamp":"2026-09-16T20:25:15.405144Z","level":"info","event":"Worker startup parse complete","bundle_name":"dags-folder","bundle_version":null,"dag_file":"day09_pipeline.py","dag_id":"day09_pipeline","bundle_prepare_ms":0,"dag_file_parse_ms":57,"map_index":-1,"run_id":"manual__2026-09-16T20:25:14.779674+00:00","task_id":"extract","try_number":1,"ti_id":"01a0abe5-1f24-7abf-a557-147692de10d5","logger":"task","filename":"task_runner.py","lineno":1073}
{"timestamp":"2026-09-16T20:25:15.417389Z","level":"info","event":"Task instance is in running state","logger":"task.stdout"}
{"timestamp":"2026-09-16T20:25:15.417471Z","level":"info","event":" Previous state of the Task instance: TaskInstanceState.QUEUED","logger":"task.stdout"}
{"timestamp":"2026-09-16T20:25:15.417556Z","level":"info","event":"Current task name:extract","logger":"task.stdout"}
{"timestamp":"2026-09-16T20:25:15.417600Z","level":"info","event":"Dag name:day09_pipeline","logger":"task.stdout"}
{"timestamp":"2026-09-16T20:25:15.417689Z","level":"info","event":"::endgroup::","map_index":-1,"run_id":"manual__2026-09-16T20:25:14.779674+00:00","dag_id":"day09_pipeline","task_id":"extract","try_number":1,"ti_id":"01a0abe5-1f24-7abf-a557-147692de10d5","logger":"task","filename":"task_runner.py","lineno":2232}
{"timestamp":"2026-09-16T20:25:15.418673Z","level":"info","event":"order_id,customer,country,amount","logger":"task.stdout"}
{"timestamp":"2026-09-16T20:25:15.418709Z","level":"info","event":"101,Ali,DE,120","logger":"task.stdout"}
{"timestamp":"2026-09-16T20:25:15.418732Z","level":"info","event":"102,Anna,DE,80","logger":"task.stdout"}
{"timestamp":"2026-09-16T20:25:15.418753Z","level":"info","event":"103,John,US,200","logger":"task.stdout"}
{"timestamp":"2026-09-16T20:25:15.418774Z","level":"info","event":"104,Ali,DE,50","logger":"task.stdout"}
{"timestamp":"2026-09-16T20:25:15.418795Z","level":"info","event":"105,Maria,DE,","logger":"task.stdout"}
{"timestamp":"2026-09-16T20:25:15.418815Z","level":"info","event":"106,John,US,100","logger":"task.stdout"}
{"timestamp":"2026-09-16T20:25:15.418836Z","level":"info","event":"107,Ali,DE,120","logger":"task.stdout"}
{"timestamp":"2026-09-16T20:25:15.418855Z","level":"info","event":"108,,DE,90","logger":"task.stdout"}
{"timestamp":"2026-09-16T20:25:15.418703Z","level":"info","event":"Done. Returned value was: None","map_index":-1,"run_id":"manual__2026-09-16T20:25:14.779674+00:00","dag_id":"day09_pipeline","task_id":"extract","try_number":1,"ti_id":"01a0abe5-1f24-7abf-a557-147692de10d5","logger":"airflow.task.operators.airflow.providers.standard.operators.python.PythonOperator","filename":"python.py","lineno":233}
{"timestamp":"2026-09-16T20:25:15.418768Z","level":"info","event":"::group::Post Execute","map_index":-1,"run_id":"manual__2026-09-16T20:25:14.779674+00:00","dag_id":"day09_pipeline","task_id":"extract","try_number":1,"ti_id":"01a0abe5-1f24-7abf-a557-147692de10d5","logger":"task","filename":"task_runner.py","lineno":1580}
{"timestamp":"2026-09-16T20:25:15.428328Z","level":"info","event":"Task instance in success state","logger":"task.stdout"}
{"timestamp":"2026-09-16T20:25:15.428413Z","level":"info","event":" Previous state of the Task instance: TaskInstanceState.RUNNING","logger":"task.stdout"}
{"timestamp":"2026-09-16T20:25:15.428484Z","level":"info","event":"Task operator:<Task(PythonOperator): extract>","logger":"task.stdout"}
{"timestamp":"2026-09-16T20:25:15.428503Z","level":"info","event":"::endgroup::","map_index":-1,"run_id":"manual__2026-09-16T20:25:14.779674+00:00","dag_id":"day09_pipeline","task_id":"extract","try_number":1,"ti_id":"01a0abe5-1f24-7abf-a557-147692de10d5","logger":"task","filename":"task_runner.py","lineno":2379}
