{"timestamp":"2026-09-16T19:26:08.610003Z","level":"info","event":"::group::Pre Execute","logger":"task","filename":"task_runner.py","lineno":2412}
{"timestamp":"2026-09-16T19:26:08.621656Z","level":"info","event":"DAG bundles loaded: dags-folder, example_dags, apache-airflow-providers-common-sql-example-dags, apache-airflow-providers-standard-example-dags","try_number":1,"run_id":"manual__2026-09-16T19:26:07.365672+00:00","map_index":-1,"ti_id":"01a0abae-fe10-75f2-96e0-cb7f5b89199f","dag_id":"day09_pipeline","task_id":"clean","logger":"airflow.dag_processing.bundles.manager.DagBundlesManager","filename":"manager.py","lineno":304}
{"timestamp":"2026-09-16T19:26:08.622052Z","level":"info","event":"Filling up the DagBag from /opt/airflow/dags/day09_pipeline.py","try_number":1,"run_id":"manual__2026-09-16T19:26:07.365672+00:00","map_index":-1,"ti_id":"01a0abae-fe10-75f2-96e0-cb7f5b89199f","dag_id":"day09_pipeline","task_id":"clean","logger":"airflow.dag_processing.dagbag.BundleDagBag","filename":"dagbag.py","lineno":460}
{"timestamp":"2026-09-16T19:26:08.625116Z","level":"info","event":"Worker startup parse complete","bundle_name":"dags-folder","bundle_version":null,"dag_file":"day09_pipeline.py","dag_id":"day09_pipeline","bundle_prepare_ms":0,"dag_file_parse_ms":3,"try_number":1,"run_id":"manual__2026-09-16T19:26:07.365672+00:00","map_index":-1,"ti_id":"01a0abae-fe10-75f2-96e0-cb7f5b89199f","task_id":"clean","logger":"task","filename":"task_runner.py","lineno":1073}
{"timestamp":"2026-09-16T19:26:08.635582Z","level":"info","event":"Task instance is in running state","logger":"task.stdout"}
{"timestamp":"2026-09-16T19:26:08.635681Z","level":"info","event":" Previous state of the Task instance: TaskInstanceState.QUEUED","logger":"task.stdout"}
{"timestamp":"2026-09-16T19:26:08.635735Z","level":"info","event":"Current task name:clean","logger":"task.stdout"}
{"timestamp":"2026-09-16T19:26:08.635763Z","level":"info","event":"Dag name:day09_pipeline","logger":"task.stdout"}
{"timestamp":"2026-09-16T19:26:08.635826Z","level":"info","event":"::endgroup::","try_number":1,"run_id":"manual__2026-09-16T19:26:07.365672+00:00","map_index":-1,"ti_id":"01a0abae-fe10-75f2-96e0-cb7f5b89199f","dag_id":"day09_pipeline","task_id":"clean","logger":"task","filename":"task_runner.py","lineno":2232}
{"timestamp":"2026-09-16T19:26:08.637106Z","level":"info","event":"Header: order_id,customer,country,amount","logger":"task.stdout"}
{"timestamp":"2026-09-16T19:26:08.637183Z","level":"info","event":"Rows before cleaning: 8","logger":"task.stdout"}
{"timestamp":"2026-09-16T19:26:08.637207Z","level":"info","event":"Rows after cleaning: 7","logger":"task.stdout"}
{"timestamp":"2026-09-16T19:26:08.637229Z","level":"info","event":"Cleaned data:","logger":"task.stdout"}
{"timestamp":"2026-09-16T19:26:08.637250Z","level":"info","event":"101,Ali,DE,120","logger":"task.stdout"}
{"timestamp":"2026-09-16T19:26:08.637270Z","level":"info","event":"102,Anna,DE,80","logger":"task.stdout"}
{"timestamp":"2026-09-16T19:26:08.637290Z","level":"info","event":"103,John,US,200","logger":"task.stdout"}
{"timestamp":"2026-09-16T19:26:08.637311Z","level":"info","event":"104,Ali,DE,50","logger":"task.stdout"}
{"timestamp":"2026-09-16T19:26:08.637331Z","level":"info","event":"106,John,US,100","logger":"task.stdout"}
{"timestamp":"2026-09-16T19:26:08.637351Z","level":"info","event":"107,Ali,DE,120","logger":"task.stdout"}
{"timestamp":"2026-09-16T19:26:08.637370Z","level":"info","event":"108,,DE,90","logger":"task.stdout"}
{"timestamp":"2026-09-16T19:26:08.637109Z","level":"info","event":"Done. Returned value was: None","try_number":1,"run_id":"manual__2026-09-16T19:26:07.365672+00:00","map_index":-1,"ti_id":"01a0abae-fe10-75f2-96e0-cb7f5b89199f","dag_id":"day09_pipeline","task_id":"clean","logger":"airflow.task.operators.airflow.providers.standard.operators.python.PythonOperator","filename":"python.py","lineno":233}
{"timestamp":"2026-09-16T19:26:08.637200Z","level":"info","event":"::group::Post Execute","try_number":1,"run_id":"manual__2026-09-16T19:26:07.365672+00:00","map_index":-1,"ti_id":"01a0abae-fe10-75f2-96e0-cb7f5b89199f","dag_id":"day09_pipeline","task_id":"clean","logger":"task","filename":"task_runner.py","lineno":1580}
{"timestamp":"2026-09-16T19:26:08.644694Z","level":"info","event":"Task instance in success state","logger":"task.stdout"}
{"timestamp":"2026-09-16T19:26:08.644769Z","level":"info","event":" Previous state of the Task instance: TaskInstanceState.RUNNING","logger":"task.stdout"}
{"timestamp":"2026-09-16T19:26:08.644850Z","level":"info","event":"Task operator:<Task(PythonOperator): clean>","logger":"task.stdout"}
{"timestamp":"2026-09-16T19:26:08.644865Z","level":"info","event":"::endgroup::","try_number":1,"run_id":"manual__2026-09-16T19:26:07.365672+00:00","map_index":-1,"ti_id":"01a0abae-fe10-75f2-96e0-cb7f5b89199f","dag_id":"day09_pipeline","task_id":"clean","logger":"task","filename":"task_runner.py","lineno":2379}
