{"timestamp":"2026-09-16T19:35:42.200019Z","level":"info","event":"::group::Pre Execute","logger":"task","filename":"task_runner.py","lineno":2412}
{"timestamp":"2026-09-16T19:35:42.207346Z","level":"info","event":"DAG bundles loaded: dags-folder, example_dags, apache-airflow-providers-common-sql-example-dags, apache-airflow-providers-standard-example-dags","run_id":"manual__2026-09-16T19:35:41.710017+00:00","ti_id":"01a0abb7-c199-7c92-97c1-d55ece91da3b","map_index":-1,"task_id":"extract","dag_id":"day09_pipeline","try_number":1,"logger":"airflow.dag_processing.bundles.manager.DagBundlesManager","filename":"manager.py","lineno":304}
{"timestamp":"2026-09-16T19:35:42.207821Z","level":"info","event":"Filling up the DagBag from /opt/airflow/dags/day09_pipeline.py","run_id":"manual__2026-09-16T19:35:41.710017+00:00","ti_id":"01a0abb7-c199-7c92-97c1-d55ece91da3b","map_index":-1,"task_id":"extract","dag_id":"day09_pipeline","try_number":1,"logger":"airflow.dag_processing.dagbag.BundleDagBag","filename":"dagbag.py","lineno":460}
{"timestamp":"2026-09-16T19:35:42.211000Z","level":"info","event":"Worker startup parse complete","bundle_name":"dags-folder","bundle_version":null,"dag_file":"day09_pipeline.py","dag_id":"day09_pipeline","bundle_prepare_ms":2,"dag_file_parse_ms":3,"run_id":"manual__2026-09-16T19:35:41.710017+00:00","ti_id":"01a0abb7-c199-7c92-97c1-d55ece91da3b","map_index":-1,"task_id":"extract","try_number":1,"logger":"task","filename":"task_runner.py","lineno":1073}
{"timestamp":"2026-09-16T19:35:42.221174Z","level":"info","event":"Task instance is in running state","logger":"task.stdout"}
{"timestamp":"2026-09-16T19:35:42.221276Z","level":"info","event":" Previous state of the Task instance: TaskInstanceState.QUEUED","logger":"task.stdout"}
{"timestamp":"2026-09-16T19:35:42.221322Z","level":"info","event":"Current task name:extract","logger":"task.stdout"}
{"timestamp":"2026-09-16T19:35:42.221348Z","level":"info","event":"Dag name:day09_pipeline","logger":"task.stdout"}
{"timestamp":"2026-09-16T19:35:42.221398Z","level":"info","event":"::endgroup::","run_id":"manual__2026-09-16T19:35:41.710017+00:00","ti_id":"01a0abb7-c199-7c92-97c1-d55ece91da3b","map_index":-1,"task_id":"extract","dag_id":"day09_pipeline","try_number":1,"logger":"task","filename":"task_runner.py","lineno":2232}
{"timestamp":"2026-09-16T19:35:42.222518Z","level":"info","event":"order_id,customer,country,amount","logger":"task.stdout"}
{"timestamp":"2026-09-16T19:35:42.222548Z","level":"info","event":"101,Ali,DE,120","logger":"task.stdout"}
{"timestamp":"2026-09-16T19:35:42.222570Z","level":"info","event":"102,Anna,DE,80","logger":"task.stdout"}
{"timestamp":"2026-09-16T19:35:42.222590Z","level":"info","event":"103,John,US,200","logger":"task.stdout"}
{"timestamp":"2026-09-16T19:35:42.222610Z","level":"info","event":"104,Ali,DE,50","logger":"task.stdout"}
{"timestamp":"2026-09-16T19:35:42.222632Z","level":"info","event":"105,Maria,DE,","logger":"task.stdout"}
{"timestamp":"2026-09-16T19:35:42.222653Z","level":"info","event":"106,John,US,100","logger":"task.stdout"}
{"timestamp":"2026-09-16T19:35:42.222675Z","level":"info","event":"107,Ali,DE,120","logger":"task.stdout"}
{"timestamp":"2026-09-16T19:35:42.222695Z","level":"info","event":"108,,DE,90","logger":"task.stdout"}
{"timestamp":"2026-09-16T19:35:42.222518Z","level":"info","event":"Done. Returned value was: None","run_id":"manual__2026-09-16T19:35:41.710017+00:00","ti_id":"01a0abb7-c199-7c92-97c1-d55ece91da3b","map_index":-1,"task_id":"extract","dag_id":"day09_pipeline","try_number":1,"logger":"airflow.task.operators.airflow.providers.standard.operators.python.PythonOperator","filename":"python.py","lineno":233}
{"timestamp":"2026-09-16T19:35:42.222582Z","level":"info","event":"::group::Post Execute","run_id":"manual__2026-09-16T19:35:41.710017+00:00","ti_id":"01a0abb7-c199-7c92-97c1-d55ece91da3b","map_index":-1,"task_id":"extract","dag_id":"day09_pipeline","try_number":1,"logger":"task","filename":"task_runner.py","lineno":1580}
{"timestamp":"2026-09-16T19:35:42.230656Z","level":"info","event":"Task instance in success state","logger":"task.stdout"}
{"timestamp":"2026-09-16T19:35:42.230761Z","level":"info","event":" Previous state of the Task instance: TaskInstanceState.RUNNING","logger":"task.stdout"}
{"timestamp":"2026-09-16T19:35:42.230848Z","level":"info","event":"Task operator:<Task(PythonOperator): extract>","logger":"task.stdout"}
{"timestamp":"2026-09-16T19:35:42.230864Z","level":"info","event":"::endgroup::","run_id":"manual__2026-09-16T19:35:41.710017+00:00","ti_id":"01a0abb7-c199-7c92-97c1-d55ece91da3b","map_index":-1,"task_id":"extract","dag_id":"day09_pipeline","try_number":1,"logger":"task","filename":"task_runner.py","lineno":2379}
