{"timestamp":"2026-09-16T19:50:40.293314Z","level":"info","event":"::group::Pre Execute","logger":"task","filename":"task_runner.py","lineno":2412}
{"timestamp":"2026-09-16T19:50:40.304103Z","level":"info","event":"DAG bundles loaded: dags-folder, example_dags, apache-airflow-providers-common-sql-example-dags, apache-airflow-providers-standard-example-dags","try_number":1,"run_id":"manual__2026-09-16T19:50:40.051334+00:00","map_index":-1,"ti_id":"01a0abc5-76be-7624-8281-e371599b2eb2","dag_id":"day09_pipeline","task_id":"extract","logger":"airflow.dag_processing.bundles.manager.DagBundlesManager","filename":"manager.py","lineno":304}
{"timestamp":"2026-09-16T19:50:40.304510Z","level":"info","event":"Filling up the DagBag from /opt/airflow/dags/day09_pipeline.py","try_number":1,"run_id":"manual__2026-09-16T19:50:40.051334+00:00","map_index":-1,"ti_id":"01a0abc5-76be-7624-8281-e371599b2eb2","dag_id":"day09_pipeline","task_id":"extract","logger":"airflow.dag_processing.dagbag.BundleDagBag","filename":"dagbag.py","lineno":460}
{"timestamp":"2026-09-16T19:50:40.307423Z","level":"info","event":"Worker startup parse complete","bundle_name":"dags-folder","bundle_version":null,"dag_file":"day09_pipeline.py","dag_id":"day09_pipeline","bundle_prepare_ms":0,"dag_file_parse_ms":3,"try_number":1,"run_id":"manual__2026-09-16T19:50:40.051334+00:00","map_index":-1,"ti_id":"01a0abc5-76be-7624-8281-e371599b2eb2","task_id":"extract","logger":"task","filename":"task_runner.py","lineno":1073}
{"timestamp":"2026-09-16T19:50:40.319973Z","level":"info","event":"Task instance is in running state","logger":"task.stdout"}
{"timestamp":"2026-09-16T19:50:40.320089Z","level":"info","event":" Previous state of the Task instance: TaskInstanceState.QUEUED","logger":"task.stdout"}
{"timestamp":"2026-09-16T19:50:40.320159Z","level":"info","event":"Current task name:extract","logger":"task.stdout"}
{"timestamp":"2026-09-16T19:50:40.320188Z","level":"info","event":"Dag name:day09_pipeline","logger":"task.stdout"}
{"timestamp":"2026-09-16T19:50:40.320268Z","level":"info","event":"::endgroup::","try_number":1,"run_id":"manual__2026-09-16T19:50:40.051334+00:00","map_index":-1,"ti_id":"01a0abc5-76be-7624-8281-e371599b2eb2","dag_id":"day09_pipeline","task_id":"extract","logger":"task","filename":"task_runner.py","lineno":2232}
{"timestamp":"2026-09-16T19:50:40.321377Z","level":"info","event":"order_id,customer,country,amount","logger":"task.stdout"}
{"timestamp":"2026-09-16T19:50:40.321442Z","level":"info","event":"101,Ali,DE,120","logger":"task.stdout"}
{"timestamp":"2026-09-16T19:50:40.321480Z","level":"info","event":"102,Anna,DE,80","logger":"task.stdout"}
{"timestamp":"2026-09-16T19:50:40.321510Z","level":"info","event":"103,John,US,200","logger":"task.stdout"}
{"timestamp":"2026-09-16T19:50:40.321531Z","level":"info","event":"104,Ali,DE,50","logger":"task.stdout"}
{"timestamp":"2026-09-16T19:50:40.321552Z","level":"info","event":"105,Maria,DE,","logger":"task.stdout"}
{"timestamp":"2026-09-16T19:50:40.321573Z","level":"info","event":"106,John,US,100","logger":"task.stdout"}
{"timestamp":"2026-09-16T19:50:40.321592Z","level":"info","event":"107,Ali,DE,120","logger":"task.stdout"}
{"timestamp":"2026-09-16T19:50:40.321612Z","level":"info","event":"108,,DE,90","logger":"task.stdout"}
{"timestamp":"2026-09-16T19:50:40.321394Z","level":"info","event":"Done. Returned value was: None","try_number":1,"run_id":"manual__2026-09-16T19:50:40.051334+00:00","map_index":-1,"ti_id":"01a0abc5-76be-7624-8281-e371599b2eb2","dag_id":"day09_pipeline","task_id":"extract","logger":"airflow.task.operators.airflow.providers.standard.operators.python.PythonOperator","filename":"python.py","lineno":233}
{"timestamp":"2026-09-16T19:50:40.321471Z","level":"info","event":"::group::Post Execute","try_number":1,"run_id":"manual__2026-09-16T19:50:40.051334+00:00","map_index":-1,"ti_id":"01a0abc5-76be-7624-8281-e371599b2eb2","dag_id":"day09_pipeline","task_id":"extract","logger":"task","filename":"task_runner.py","lineno":1580}
{"timestamp":"2026-09-16T19:50:40.330571Z","level":"info","event":"Task instance in success state","logger":"task.stdout"}
{"timestamp":"2026-09-16T19:50:40.330648Z","level":"info","event":" Previous state of the Task instance: TaskInstanceState.RUNNING","logger":"task.stdout"}
{"timestamp":"2026-09-16T19:50:40.330732Z","level":"info","event":"Task operator:<Task(PythonOperator): extract>","logger":"task.stdout"}
{"timestamp":"2026-09-16T19:50:40.330745Z","level":"info","event":"::endgroup::","try_number":1,"run_id":"manual__2026-09-16T19:50:40.051334+00:00","map_index":-1,"ti_id":"01a0abc5-76be-7624-8281-e371599b2eb2","dag_id":"day09_pipeline","task_id":"extract","logger":"task","filename":"task_runner.py","lineno":2379}
