{"timestamp":"2026-09-16T19:35:43.266363Z","level":"info","event":"::group::Pre Execute","logger":"task","filename":"task_runner.py","lineno":2412}
{"timestamp":"2026-09-16T19:35:43.273271Z","level":"info","event":"DAG bundles loaded: dags-folder, example_dags, apache-airflow-providers-common-sql-example-dags, apache-airflow-providers-standard-example-dags","map_index":-1,"task_id":"clean","ti_id":"01a0abb7-c19a-7ffd-a886-56116d817699","dag_id":"day09_pipeline","try_number":1,"run_id":"manual__2026-09-16T19:35:41.710017+00:00","logger":"airflow.dag_processing.bundles.manager.DagBundlesManager","filename":"manager.py","lineno":304}
{"timestamp":"2026-09-16T19:35:43.273670Z","level":"info","event":"Filling up the DagBag from /opt/airflow/dags/day09_pipeline.py","map_index":-1,"task_id":"clean","ti_id":"01a0abb7-c19a-7ffd-a886-56116d817699","dag_id":"day09_pipeline","try_number":1,"run_id":"manual__2026-09-16T19:35:41.710017+00:00","logger":"airflow.dag_processing.dagbag.BundleDagBag","filename":"dagbag.py","lineno":460}
{"timestamp":"2026-09-16T19:35:43.276461Z","level":"info","event":"Worker startup parse complete","bundle_name":"dags-folder","bundle_version":null,"dag_file":"day09_pipeline.py","dag_id":"day09_pipeline","bundle_prepare_ms":0,"dag_file_parse_ms":2,"map_index":-1,"task_id":"clean","ti_id":"01a0abb7-c19a-7ffd-a886-56116d817699","try_number":1,"run_id":"manual__2026-09-16T19:35:41.710017+00:00","logger":"task","filename":"task_runner.py","lineno":1073}
{"timestamp":"2026-09-16T19:35:43.288017Z","level":"info","event":"Task instance is in running state","logger":"task.stdout"}
{"timestamp":"2026-09-16T19:35:43.288123Z","level":"info","event":" Previous state of the Task instance: TaskInstanceState.QUEUED","logger":"task.stdout"}
{"timestamp":"2026-09-16T19:35:43.288172Z","level":"info","event":"Current task name:clean","logger":"task.stdout"}
{"timestamp":"2026-09-16T19:35:43.288199Z","level":"info","event":"Dag name:day09_pipeline","logger":"task.stdout"}
{"timestamp":"2026-09-16T19:35:43.288257Z","level":"info","event":"::endgroup::","map_index":-1,"task_id":"clean","ti_id":"01a0abb7-c19a-7ffd-a886-56116d817699","dag_id":"day09_pipeline","try_number":1,"run_id":"manual__2026-09-16T19:35:41.710017+00:00","logger":"task","filename":"task_runner.py","lineno":2232}
{"timestamp":"2026-09-16T19:35:43.289594Z","level":"info","event":"Header: order_id,customer,country,amount","logger":"task.stdout"}
{"timestamp":"2026-09-16T19:35:43.289633Z","level":"info","event":"Rows before cleaning: 8","logger":"task.stdout"}
{"timestamp":"2026-09-16T19:35:43.289677Z","level":"info","event":"Rows after cleaning: 6","logger":"task.stdout"}
{"timestamp":"2026-09-16T19:35:43.289702Z","level":"info","event":"Cleaned data:","logger":"task.stdout"}
{"timestamp":"2026-09-16T19:35:43.289723Z","level":"info","event":"101,Ali,DE,120","logger":"task.stdout"}
{"timestamp":"2026-09-16T19:35:43.289759Z","level":"info","event":"102,Anna,DE,80","logger":"task.stdout"}
{"timestamp":"2026-09-16T19:35:43.289779Z","level":"info","event":"103,John,US,200","logger":"task.stdout"}
{"timestamp":"2026-09-16T19:35:43.289799Z","level":"info","event":"104,Ali,DE,50","logger":"task.stdout"}
{"timestamp":"2026-09-16T19:35:43.289820Z","level":"info","event":"106,John,US,100","logger":"task.stdout"}
{"timestamp":"2026-09-16T19:35:43.289840Z","level":"info","event":"107,Ali,DE,120","logger":"task.stdout"}
{"timestamp":"2026-09-16T19:35:43.289645Z","level":"info","event":"Done. Returned value was: None","map_index":-1,"task_id":"clean","ti_id":"01a0abb7-c19a-7ffd-a886-56116d817699","dag_id":"day09_pipeline","try_number":1,"run_id":"manual__2026-09-16T19:35:41.710017+00:00","logger":"airflow.task.operators.airflow.providers.standard.operators.python.PythonOperator","filename":"python.py","lineno":233}
{"timestamp":"2026-09-16T19:35:43.289718Z","level":"info","event":"::group::Post Execute","map_index":-1,"task_id":"clean","ti_id":"01a0abb7-c19a-7ffd-a886-56116d817699","dag_id":"day09_pipeline","try_number":1,"run_id":"manual__2026-09-16T19:35:41.710017+00:00","logger":"task","filename":"task_runner.py","lineno":1580}
{"timestamp":"2026-09-16T19:35:43.298160Z","level":"info","event":"Task instance in success state","logger":"task.stdout"}
{"timestamp":"2026-09-16T19:35:43.298236Z","level":"info","event":" Previous state of the Task instance: TaskInstanceState.RUNNING","logger":"task.stdout"}
{"timestamp":"2026-09-16T19:35:43.298317Z","level":"info","event":"Task operator:<Task(PythonOperator): clean>","logger":"task.stdout"}
{"timestamp":"2026-09-16T19:35:43.298333Z","level":"info","event":"::endgroup::","map_index":-1,"task_id":"clean","ti_id":"01a0abb7-c19a-7ffd-a886-56116d817699","dag_id":"day09_pipeline","try_number":1,"run_id":"manual__2026-09-16T19:35:41.710017+00:00","logger":"task","filename":"task_runner.py","lineno":2379}
